<?xml version="1.0" encoding="utf-8" ?>
<result>
	<row>
		<label>343</label>
		<nb_visits>1</nb_visits>
		<nb_uniq_visitors>1</nb_uniq_visitors>
		<nb_hits>1</nb_hits>
		<nb_hits_with_time_generation>1</nb_hits_with_time_generation>
		<min_time_generation>0.123</min_time_generation>
		<max_time_generation>0.123</max_time_generation>
		<sum_time_spent>360</sum_time_spent>
		<bounce_count>0</bounce_count>
		<exit_nb_visits>0</exit_nb_visits>
		<avg_time_on_dimension>360</avg_time_on_dimension>
		<bounce_rate>0%</bounce_rate>
		<exit_rate>0%</exit_rate>
		<avg_time_generation>0.123</avg_time_generation>
		<segment>dimension5==343</segment>
	</row>
	<row>
		<label>en_US</label>
		<nb_visits>1</nb_visits>
		<nb_uniq_visitors>1</nb_uniq_visitors>
		<nb_hits>1</nb_hits>
		<nb_hits_with_time_generation>1</nb_hits_with_time_generation>
		<min_time_generation>0.344</min_time_generation>
		<max_time_generation>0.344</max_time_generation>
		<sum_time_spent>0</sum_time_spent>
		<bounce_count>0</bounce_count>
		<exit_nb_visits>1</exit_nb_visits>
		<avg_time_on_dimension>0</avg_time_on_dimension>
		<bounce_rate>0%</bounce_rate>
		<exit_rate>100%</exit_rate>
		<avg_time_generation>0.344</avg_time_generation>
		<segment>dimension5==en_US</segment>
	</row>
	<row>
		<label>value5</label>
		<nb_visits>1</nb_visits>
		<nb_uniq_visitors>1</nb_uniq_visitors>
		<nb_hits>1</nb_hits>
		<nb_hits_with_time_generation>1</nb_hits_with_time_generation>
		<min_time_generation>0.42</min_time_generation>
		<max_time_generation>0.42</max_time_generation>
		<sum_time_spent>360</sum_time_spent>
		<bounce_count>0</bounce_count>
		<exit_nb_visits>0</exit_nb_visits>
		<avg_time_on_dimension>360</avg_time_on_dimension>
		<bounce_rate>0%</bounce_rate>
		<exit_rate>0%</exit_rate>
		<avg_time_generation>0.42</avg_time_generation>
		<segment>dimension5==value5</segment>
	</row>
</result>