<?xml version="1.0" encoding="utf-8" ?>
<result>
	<row>file</row>
	<row>database</row>
</result>