<?xml version="1.0" encoding="utf-8" ?>
<result>
	<nb_conversions>34</nb_conversions>
	<nb_visits_converted>34</nb_visits_converted>
	<revenue>170</revenue>
	<conversion_rate>89.47%</conversion_rate>
</result>