<?xml version="1.0" encoding="utf-8" ?>
<result>
	<nb_visits>38</nb_visits>
	<nb_actions>45</nb_actions>
	<visits_evolution>100%</visits_evolution>
	<actions_evolution>100%</actions_evolution>
	<pageviews_evolution>100%</pageviews_evolution>
	<revenue_evolution>100%</revenue_evolution>
	<nb_pageviews>39</nb_pageviews>
	<revenue>170</revenue>
</result>